// Jest Snapshot v1, https://goo.gl/fbAQLP

exports[`bet/BetSlipInfo.vue Testing snapshot 1`] = `
<div>
  <app-bet-slip-info-line-stub
    betindex="0"
    betslipindex="{{betSlipIndex}}"
    bookie="{{bookie 1}}"
    datetmpl="{{12.12}}"
    guest="{{guest team 1}}"
    home="{{home team 1}}"
    league="{{league 1}}"
    linemode="{{lineMode}}"
    matchresult="{{win}}"
    score="{{3 : 2}}"
    type="{{1}}"
  />
  <app-bet-slip-info-line-stub
    betindex="1"
    betslipindex="{{betSlipIndex}}"
    bookie="{{bookie 2}}"
    datetmpl="{{12.12}}"
    guest="{{guest team 2}}"
    home="{{home team 2}}"
    league="{{league 2}}"
    linemode="{{lineMode}}"
    matchresult="{{lose}}"
    score="{{1 : 1}}"
    type="{{2}}"
  />
</div>
`;
