// Jest Snapshot v1, https://goo.gl/fbAQLP

exports[`bet/BetSlipInfoLine.vue Testing snapshot 1`] = `
<div
  class="row"
>
  <span
    class="close"
  >
    ✖
  </span>
  <span
    class="date"
  >
    {{ dateTmpl }}
  </span>
  <span
    class="league"
  >
    {{ $t(' league ') }}
  </span>
  <span
    class="teams"
  >
    {{ home }} — {{ guest }}
  </span>
  <span
    class="type"
  >
    {{ type }}
  </span>
  <span
    class="coefficient"
    title="{{bookie.name}}"
  >
    {{ coefficientTmpl }}
  </span>
  <span
    class="score {{ betClass }}"
  >
    {{ scoreTmpl }}
  </span>
</div>
`;
