// Jest Snapshot v1, https://goo.gl/fbAQLP

exports[`bet/Menu.vue Testing snapshots Component itself 1`] = `
<div
  id="bet-menu"
>
  <span
    class="selected"
  >
    waiting.confirm
  </span>
  <span
    class=""
  >
    Results
  </span>
  <span
    class="get-last-bets"
    title="check.bets.latest"
  >
    ⌕
  </span>
</div>
`;
