// Jest Snapshot v1, https://goo.gl/fbAQLP

exports[`bet/Menu.vue Testing snapshot 1`] = `
<div
  id="bet-menu"
>
  <span
    class="selected"
  >
    $t(::waiting.confirm::)
  </span>
  <span
    class=""
  >
    $t(::Results::)
  </span>
  <span
    class="get-last-bets {{buttonLoadResultsClass}}"
    title="$t(::check.bets.latest::)"
  >
    ⌕
  </span>
</div>
`;
