// Jest Snapshot v1, https://goo.gl/fbAQLP

exports[`bet/ResultBetSlip.vue Testing snapshot 1`] = `
<div
  class="bet-slip {{betSlipClass}}"
>
  <div
    class="info"
  >
    <app-bet-slip-info-stub
      bets="{{bets}}"
      betslipindex="{{betSlipIndex}}"
      linemode="result"
    />
  </div>
  <div
    class="result"
  >
    <p
      class="date"
    >
      $t(::Date::): 
      <b>
        {{createdDate}}
      </b>
    </p>
    <p
      class="rate"
    >
      $t(::Rate::): 
      <b>
        {{rate}}
      </b>
    </p>
    <p
      class="coefficient"
    >
      $t(::total.coefficient::): 
      <b>
        {{totalCoefficientTmpl}}
      </b>
    </p>
    <p
      class="sum"
    >
      $t(::{{betSlipResultText}}::): 
      <b>
        {{betSlipResultSum}}
      </b>
    </p>
  </div>
</div>
`;
