// Jest Snapshot v1, https://goo.gl/fbAQLP

exports[`bet/Selector.vue Testing snapshot 1`] = `
<div
  id="bet-selector"
>
  <p
    class="selector"
  >
    <span>
      $t(::Sort::)
      <select
        id="sort"
      >
        <option
          value="createdAt"
        >
          $t(::Date::)
        </option>
        <option
          value="rate"
        >
          $t(::Rate::)
        </option>
        <option
          value="totalCoefficient"
        >
          $t(::Coefficient::)
        </option>
        <option
          value="outcomeSum"
        >
          $t(::sum.result::)
        </option>
      </select>
    </span>
  </p>
  <p
    class="buttons"
  >
    <span
      id="arrows"
      title="$t(::change.direction::)"
    >
      ⇅
    </span>
  </p>
  <p
    class="selector"
  >
    <span>
      $t(::Filter::)
      <select
        id="filter"
      >
        <option
          value="all"
        >
          $t(::All::)
        </option>
        <option
          value="win"
        >
          $t(::Wins::)
        </option>
        <option
          value="waiting"
        >
          $t(::Waiting::)
        </option>
        <option
          value="lose"
        >
          $t(::Loses::)
        </option>
      </select>
    </span>
  </p>
  <p
    class="buttons"
    id="toogle-info-visibility"
  >
    <span>
      <img
        src="@/assets/images/icons/hide.svg"
        title="$t(::hide.info.betSlips::)"
      />
    </span>
    <span>
      <img
        src="@/assets/images/icons/show.svg"
        title="$t(::show.info.betSlips::)"
      />
    </span>
  </p>
</div>
`;
