// Jest Snapshot v1, https://goo.gl/fbAQLP

exports[`bet/WaitingBetSlip.vue Testing snapshot 1`] = `
<div
  class="bet-slip"
>
  <div
    class="info"
  >
    <app-bet-slip-info-stub
      bets="{{bets}}"
      betslipindex="{{betSlipIndex}}"
      linemode="waiting"
    />
  </div>
  <div
    class="actions"
  >
    <p
      class="remove"
    >
      ✖
    </p>
    <p
      class="input"
    >
      <span>
        rate.bet:
      </span>
      <input
        type="number"
      />
      <span>
        * {{totalCoefficientTmpl}} = {{totalSumTmpl}}
      </span>
    </p>
    <p
      class="confirm {{disabledClass}}"
    >
      ✔
    </p>
  </div>
</div>
`;
