// Jest Snapshot v1, https://goo.gl/fbAQLP

exports[`layout/Header.vue Testing snapshot 1`] = `
<header>
  <h1>
    $t(::site.welcome::)
  </h1>
  <div>
    <router-link-stub
      id="logo"
      to="/"
    >
      <img
        src="@/assets/images/logo.png"
        title="$t(::site.goToMain::)"
      />
    </router-link-stub>
    <nav>
      <p>
        <router-link-stub
          to="/about"
        >
          <a>
            $t(::About::)
          </a>
        </router-link-stub>
      </p>
      <p>
        $t(::Language::):
        <span
          class="change-language"
        >
          $t(::English::)
        </span>
        <span>
          /
        </span>
        <span
          class="change-language"
        >
          $t(::Russian::)
        </span>
      </p>
      <p>
        <router-link-stub
          to="/bets"
        >
          <a>
            $t(::Bets::)
          </a>
        </router-link-stub>
      </p>
      <p>
        <span
          id="logout"
        >
          $t(::Logout::)
        </span>
      </p>
      <p>
        <router-link-stub
          to="/auth"
        >
          <a>
            $t(::Authentication::)
          </a>
        </router-link-stub>
      </p>
    </nav>
  </div>
</header>
`;
