// Jest Snapshot v1, https://goo.gl/fbAQLP

exports[`layout/Header.vue Testing snapshot 1`] = `
<header>
  <h1>
    site.welcome
  </h1>
  <div>
    <router-link-stub
      id="logo"
      to="/"
    >
      <img
        src="@/assets/images/logo.png"
        title="site.goToMain"
      />
    </router-link-stub>
    <nav>
      <p>
        <router-link-stub
          to="/about"
        >
          <a>
            About
          </a>
        </router-link-stub>
      </p>
      <p>
        Language:
        <span
          class="change-language"
        >
          English
        </span>
        <span>
          /
        </span>
        <span
          class="change-language"
        >
          Russian
        </span>
      </p>
      <p>
        <router-link-stub
          to="/bets"
        >
          <a>
            Bets
          </a>
        </router-link-stub>
      </p>
      <p>
        <span
          id="logout"
        >
          Logout
        </span>
      </p>
      <p>
        <router-link-stub
          to="/auth"
        >
          <a>
            Authentication
          </a>
        </router-link-stub>
      </p>
    </nav>
  </div>
</header>
`;
