// Jest Snapshot v1, https://goo.gl/fbAQLP

exports[`views/Authentication.vue Testing snapshot 1`] = `
<div
  id="auth"
>
  <div
    id="head"
  >
    <h2
      class="active"
    >
      $t(::Authorization::)
    </h2>
    <h2
      class=""
    >
      $t(::Registration::)
    </h2>
  </div>
  <app-validating-input-stub
    failmessage="phrases.only.characters_symbols"
    mode="{{currentMode}}"
    pattern="/^[a-zA-Z _]+$/"
    title="login"
    value=""
  />
  <app-validating-input-stub
    failmessage="phrases.only.characters_numbers"
    mode="{{currentMode}}"
    pattern="/^[a-zA-Z0-9]+$/"
    title="password"
    value=""
  />
  <input
    disabled="disabled"
    id="submit"
    title="$t(::{{buttonTitle}}::)"
    type="button"
    value="$t(::{{buttonValue}}::)"
  />
</div>
`;
