// Jest Snapshot v1, https://goo.gl/fbAQLP

exports[`match/Actions.vue Testing snapshot 1`] = `
<div
  id="actions"
>
  <div
    id="buttons"
  >
    <span
      id="load-matches"
    >
      {{textAction}}
    </span>
    <span
      id="change-mode"
    >
      {{buttonInfoText}}
    </span>
    <span
      id="confirm-current-bet-slip"
    >
      confirm.betSlip
    </span>
  </div>
  <div
    id="loading"
  >
    loading.matches...
  </div>
  <app-match-selector-stub />
</div>
`;
