// Jest Snapshot v1, https://goo.gl/fbAQLP

exports[`match/Actions.vue Testing snapshot 1`] = `
<div
  id="actions"
>
  <div
    id="buttons"
  >
    <span
      id="load-matches"
    >
      {{ $t(' textAction ') }}
    </span>
    <span
      id="change-mode"
    >
      {{ $t(' buttonInfoText ') }}
    </span>
    <span
      id="confirm-current-bet-slip"
    >
      {{ $t('confirm.betSlip') }}
    </span>
  </div>
  <div
    id="loading"
  >
    {{ $t('loading.matches') }}...
  </div>
  <app-match-selector-stub />
</div>
`;
