// Jest Snapshot v1, https://goo.gl/fbAQLP

exports[`match/Selector.vue Testing snapshot 1`] = `
<main>
  <p
    id="none-matches"
  >
    $t(::not.found.matches::)
  </p>
  <p
    class="row head"
  >
    <span
      class="date"
      title="$t(::Date::). $t(::click.for.sort::)"
    >
      $t(::Date::)
    </span>
    <span
      class="teams"
      title="$t(::Teams::). $t(::click.for.sort::)"
    >
      $t(::Teams::)
    </span>
    <span
      class="h"
      title="$t(::win.home::). $t(::click.for.sort::)"
    >
      $t(::1::)
    </span>
    <span
      class="d"
      title="$t(::Draw::). $t(::click.for.sort::)"
    >
      $t(::0::)
    </span>
    <span
      class="g"
      title="$t(::win.guest::). $t(::click.for.sort::)"
    >
      $t(::2::)
    </span>
  </p>
  <p
    class="row"
  >
    <span
      class="date"
    >
      {{27.10}}
    </span>
    <span
      class="teams"
    >
      {{Home team 1}} — {{Guest team 1}}
    </span>
    <app-match-selector-item-stub
      coefficients="{\\"0\\":{\\"name\\":\\"{{Bookmaker 1}}\\",\\"coefficient\\":\\"{{1}}\\"},\\"1\\":{\\"name\\":\\"{{Bookmaker 2}}\\",\\"coefficient\\":\\"{{1.1}}\\"},\\"2\\":{\\"name\\":\\"{{Bookmaker 3}}\\",\\"coefficient\\":\\"{{1.1}}\\"}}"
      matchkey="{{League1:Home team 1-Guest team 1}}"
      type="0"
    />
    <app-match-selector-item-stub
      coefficients="{\\"0\\":{\\"name\\":\\"{{Bookmaker 1}}\\",\\"coefficient\\":\\"{{2}}\\"},\\"1\\":{\\"name\\":\\"{{Bookmaker 2}}\\",\\"coefficient\\":\\"{{2.1}}\\"},\\"2\\":{\\"name\\":\\"{{Bookmaker 3}}\\",\\"coefficient\\":\\"{{2.1}}\\"}}"
      matchkey="{{League1:Home team 1-Guest team 1}}"
      type="1"
    />
    <app-match-selector-item-stub
      coefficients="{\\"0\\":{\\"name\\":\\"{{Bookmaker 1}}\\",\\"coefficient\\":\\"{{3}}\\"},\\"1\\":{\\"name\\":\\"{{Bookmaker 2}}\\",\\"coefficient\\":\\"{{3.1}}\\"},\\"2\\":{\\"name\\":\\"{{Bookmaker 3}}\\",\\"coefficient\\":\\"{{3.1}}\\"}}"
      matchkey="{{League1:Home team 1-Guest team 1}}"
      type="2"
    />
  </p>
  <p
    class="row"
  >
    <span
      class="date"
    >
      {{28.10}}
    </span>
    <span
      class="teams"
    >
      {{Home team 2}} — {{Guest team 2}}
    </span>
    <app-match-selector-item-stub
      coefficients="{\\"0\\":{\\"name\\":\\"{{Bookmaker 1}}\\",\\"coefficient\\":\\"{{2}}\\"},\\"1\\":{\\"name\\":\\"{{Bookmaker 2}}\\",\\"coefficient\\":\\"{{2.2}}\\"},\\"2\\":{\\"name\\":\\"{{Bookmaker 3}}\\",\\"coefficient\\":\\"{{2.2}}\\"}}"
      matchkey="{{League2:Home team 2-Guest team 2}}"
      type="0"
    />
    <app-match-selector-item-stub
      coefficients="{\\"0\\":{\\"name\\":\\"{{Bookmaker 1}}\\",\\"coefficient\\":\\"{{3}}\\"},\\"1\\":{\\"name\\":\\"{{Bookmaker 2}}\\",\\"coefficient\\":\\"{{3.2}}\\"},\\"2\\":{\\"name\\":\\"{{Bookmaker 3}}\\",\\"coefficient\\":\\"{{3.2}}\\"}}"
      matchkey="{{League2:Home team 2-Guest team 2}}"
      type="1"
    />
    <app-match-selector-item-stub
      coefficients="{\\"0\\":{\\"name\\":\\"{{Bookmaker 1}}\\",\\"coefficient\\":\\"{{1}}\\"},\\"1\\":{\\"name\\":\\"{{Bookmaker 2}}\\",\\"coefficient\\":\\"{{1.2}}\\"},\\"2\\":{\\"name\\":\\"{{Bookmaker 3}}\\",\\"coefficient\\":\\"{{1.2}}\\"}}"
      matchkey="{{League2:Home team 2-Guest team 2}}"
      type="2"
    />
  </p>
  <p
    class="row"
  >
    <span
      class="date"
    >
      {{29.10}}
    </span>
    <span
      class="teams"
    >
      {{Home team 3}} — {{Guest team 3}}
    </span>
    <app-match-selector-item-stub
      coefficients="{\\"0\\":{\\"name\\":\\"{{Bookmaker 1}}\\",\\"coefficient\\":\\"{{3}}\\"},\\"1\\":{\\"name\\":\\"{{Bookmaker 2}}\\",\\"coefficient\\":\\"{{3.3}}\\"},\\"2\\":{\\"name\\":\\"{{Bookmaker 3}}\\",\\"coefficient\\":\\"{{3.3}}\\"}}"
      matchkey="{{League3:Home team 3-Guest team 3}}"
      type="0"
    />
    <app-match-selector-item-stub
      coefficients="{\\"0\\":{\\"name\\":\\"{{Bookmaker 1}}\\",\\"coefficient\\":\\"{{1}}\\"},\\"1\\":{\\"name\\":\\"{{Bookmaker 2}}\\",\\"coefficient\\":\\"{{1.3}}\\"},\\"2\\":{\\"name\\":\\"{{Bookmaker 3}}\\",\\"coefficient\\":\\"{{1.3}}\\"}}"
      matchkey="{{League3:Home team 3-Guest team 3}}"
      type="1"
    />
    <app-match-selector-item-stub
      coefficients="{\\"0\\":{\\"name\\":\\"{{Bookmaker 1}}\\",\\"coefficient\\":\\"{{2}}\\"},\\"1\\":{\\"name\\":\\"{{Bookmaker 2}}\\",\\"coefficient\\":\\"{{2.3}}\\"},\\"2\\":{\\"name\\":\\"{{Bookmaker 3}}\\",\\"coefficient\\":\\"{{2.3}}\\"}}"
      matchkey="{{League3:Home team 3-Guest team 3}}"
      type="2"
    />
  </p>
</main>
`;
